\BOOKMARK [1][-]{section*.1}{\376\377\000L\036\334\000I\000\040\000C\036\242\000M\000\040\001\240\000N}{}% 1
\BOOKMARK [1][-]{section*.2}{\376\377\000L\036\334\000I\000\040\000M\036\336\000\040\001\020\036\246\000U}{}% 2
\BOOKMARK [1][-]{section.1}{\376\377\000T\036\324\000N\000G\000\040\000Q\000U\000A\000N\000\040\001\020\036\300\000\040\000T\000\300\000I}{}% 3
\BOOKMARK [2][-]{subsection.1.1}{\376\377\000B\036\321\000i\000\040\000c\036\243\000n\000h\000\040\000n\000g\000h\000i\000\352\000n\000\040\000c\036\351\000u}{section.1}% 4
\BOOKMARK [2][-]{subsection.1.2}{\376\377\000L\000\375\000\040\000d\000o\000\040\000c\000h\036\315\000n\000\040\001\021\036\301\000\040\000t\000\340\000i}{section.1}% 5
\BOOKMARK [2][-]{subsection.1.3}{\376\377\000B\000\340\000i\000\040\000t\000o\000\341\000n\000\040\000n\000g\000h\000i\000\352\000n\000\040\000c\036\351\000u}{section.1}% 6
\BOOKMARK [2][-]{subsection.1.4}{\376\377\000M\036\345\000c\000\040\000t\000i\000\352\000u\000\040\000c\036\347\000a\000\040\001\021\036\301\000\040\000t\000\340\000i}{section.1}% 7
\BOOKMARK [2][-]{subsection.1.5}{\376\377\000Y\000\352\000u\000\040\000c\036\247\000u\000\040\000k\036\371\000\040\000t\000h\000u\036\255\000t\000\040\000c\036\347\000a\000\040\000h\036\307\000\040\000t\000h\036\321\000n\000g}{section.1}% 8
\BOOKMARK [2][-]{subsection.1.6}{\376\377\000K\000i\036\277\000n\000\040\000t\000r\000\372\000c\000\040\000t\036\325\000n\000g\000\040\000q\000u\000\341\000t\000\040\000c\036\347\000a\000\040\000h\036\307\000\040\000t\000h\036\321\000n\000g}{section.1}% 9
\BOOKMARK [2][-]{subsection.1.7}{\376\377\000P\000h\036\241\000m\000\040\000v\000i\000\040\000n\000g\000h\000i\000\352\000n\000\040\000c\036\351\000u}{section.1}% 10
\BOOKMARK [2][-]{subsection.1.8}{\376\377\000P\000h\001\260\001\241\000n\000g\000\040\000p\000h\000\341\000p\000\040\000t\000h\036\361\000c\000\040\000h\000i\036\307\000n}{section.1}% 11
\BOOKMARK [2][-]{subsection.1.9}{\376\377\001\020\000\363\000n\000g\000\040\000g\000\363\000p\000\040\000c\000h\000\355\000n\000h\000\040\000c\036\347\000a\000\040\000b\000\341\000o\000\040\000c\000\341\000o}{section.1}% 12
\BOOKMARK [2][-]{subsection.1.10}{\376\377\000K\036\277\000t\000\040\000q\000u\036\243\000\040\000k\036\363\000\040\000v\036\315\000n\000g}{section.1}% 13
\BOOKMARK [1][-]{section.2}{\376\377\000C\001\240\000\040\000S\036\336\000\040\000L\000\335\000\040\000T\000H\000U\000Y\036\276\000T}{}% 14
\BOOKMARK [2][-]{subsection.2.1}{\376\377\000R\000o\000b\000o\000t\000\040\000t\036\361\000\040\000h\000\340\000n\000h\000\040\000v\000\340\000\040\000v\000\362\000n\000g\000\040\000k\000\355\000n\000\040\000c\036\243\000m\000\040\000b\000i\036\277\000n\000\040\000-\000\040\000x\036\355\000\040\000l\000\375\000\040\000-\000\040\001\021\000i\036\301\000u\000\040\000k\000h\000i\036\303\000n\000\040\000-\000\040\000c\000h\036\245\000p\000\040\000h\000\340\000n\000h}{section.2}% 15
\BOOKMARK [2][-]{subsection.2.2}{\376\377\000L\000i\000D\000A\000R\000\040\000t\000r\000o\000n\000g\000\040\000r\000o\000b\000o\000t\000\040\000d\000i\000\040\001\021\036\331\000n\000g}{section.2}% 16
\BOOKMARK [3][-]{subsubsection.2.2.1}{\376\377\001\020\036\313\000n\000h\000\040\000n\000g\000h\001\051\000a\000\040\000v\000\340\000\040\000c\000h\036\351\000c\000\040\000n\001\003\000n\000g}{subsection.2.2}% 17
\BOOKMARK [3][-]{subsubsection.2.2.2}{\376\377\000C\036\245\000u\000\040\000t\036\241\000o\000\040\000v\000\340\000\040\000c\000h\036\351\000c\000\040\000n\001\003\000n\000g\000\040\000t\036\353\000n\000g\000\040\000t\000h\000\340\000n\000h\000\040\000p\000h\036\247\000n}{subsection.2.2}% 18
\BOOKMARK [3][-]{subsubsection.2.2.3}{\376\377\000C\000\341\000c\000h\000\040\000h\000o\036\241\000t\000\040\001\021\036\331\000n\000g\000\040\000v\000\340\000\040\000t\000\355\000n\000h\000\040\000t\000o\000\341\000n\000\040\000d\036\357\000\040\000l\000i\036\307\000u}{subsection.2.2}% 19
\BOOKMARK [3][-]{subsubsection.2.2.4}{\376\377\000I\000n\000p\000u\000t\000,\000\040\000o\000u\000t\000p\000u\000t\000\040\000v\000\340\000\040\036\351\000n\000g\000\040\000d\036\345\000n\000g\000\040\000t\000r\000o\000n\000g\000\040\000p\000r\000o\000j\000e\000c\000t}{subsection.2.2}% 20
\BOOKMARK [2][-]{subsection.2.3}{\376\377\000C\000a\000m\000e\000r\000a\000\040\000R\000G\000B\000-\000D\000\040\000O\000A\000K\000-\000D}{section.2}% 21
\BOOKMARK [3][-]{subsubsection.2.3.1}{\376\377\001\020\036\313\000n\000h\000\040\000n\000g\000h\001\051\000a\000\040\000v\000\340\000\040\000c\000h\036\351\000c\000\040\000n\001\003\000n\000g}{subsection.2.3}% 22
\BOOKMARK [3][-]{subsubsection.2.3.2}{\376\377\000T\000h\000\340\000n\000h\000\040\000p\000h\036\247\000n\000\040\000v\000\340\000\040\000c\000h\036\351\000c\000\040\000n\001\003\000n\000g}{subsection.2.3}% 23
\BOOKMARK [3][-]{subsubsection.2.3.3}{\376\377\000C\000\341\000c\000h\000\040\000h\000o\036\241\000t\000\040\001\021\036\331\000n\000g\000\040\000v\000\340\000\040\000t\000\355\000n\000h\000\040\000t\000o\000\341\000n\000\040\000d\036\357\000\040\000l\000i\036\307\000u}{subsection.2.3}% 24
\BOOKMARK [3][-]{subsubsection.2.3.4}{\376\377\000I\000n\000p\000u\000t\000,\000\040\000o\000u\000t\000p\000u\000t\000\040\000v\000\340\000\040\036\351\000n\000g\000\040\000d\036\345\000n\000g\000\040\000t\000r\000o\000n\000g\000\040\000p\000r\000o\000j\000e\000c\000t}{subsection.2.3}% 25
\BOOKMARK [2][-]{subsection.2.4}{\376\377\000O\000d\000o\000m\000e\000t\000r\000y\000\040\000v\000\340\000\040\000e\000n\000c\000o\000d\000e\000r}{section.2}% 26
\BOOKMARK [3][-]{subsubsection.2.4.1}{\376\377\001\020\036\313\000n\000h\000\040\000n\000g\000h\001\051\000a\000\040\000v\000\340\000\040\000c\000h\036\351\000c\000\040\000n\001\003\000n\000g}{subsection.2.4}% 27
\BOOKMARK [3][-]{subsubsection.2.4.2}{\376\377\000T\000h\000\340\000n\000h\000\040\000p\000h\036\247\000n\000\040\000v\000\340\000\040\000c\000h\036\351\000c\000\040\000n\001\003\000n\000g}{subsection.2.4}% 28
\BOOKMARK [3][-]{subsubsection.2.4.3}{\376\377\000C\000\341\000c\000h\000\040\000t\000\355\000n\000h\000\040\000t\000o\000\341\000n\000\040\000d\036\357\000\040\000l\000i\036\307\000u\000\040\000o\000d\000o\000m\000e\000t\000r\000y}{subsection.2.4}% 29
\BOOKMARK [3][-]{subsubsection.2.4.4}{\376\377\000I\000n\000p\000u\000t\000,\000\040\000o\000u\000t\000p\000u\000t\000\040\000v\000\340\000\040\036\351\000n\000g\000\040\000d\036\345\000n\000g\000\040\000t\000r\000o\000n\000g\000\040\000p\000r\000o\000j\000e\000c\000t}{subsection.2.4}% 30
\BOOKMARK [2][-]{subsection.2.5}{\376\377\000H\036\307\000\040\000t\036\315\000a\000\040\001\021\036\331\000\040\000v\000\340\000\040\000T\000F\000/\000T\000F\0002\000\040\000t\000r\000o\000n\000g\000\040\000R\000O\000S\0002}{section.2}% 31
\BOOKMARK [3][-]{subsubsection.2.5.1}{\376\377\001\020\036\313\000n\000h\000\040\000n\000g\000h\001\051\000a\000\040\000v\000\340\000\040\000c\000h\036\351\000c\000\040\000n\001\003\000n\000g}{subsection.2.5}% 32
\BOOKMARK [3][-]{subsubsection.2.5.2}{\376\377\000C\000\364\000n\000g\000\040\000t\000h\036\351\000c\000\040\000b\000i\036\277\000n\000\040\001\021\036\325\000i\000\040\000t\036\315\000a\000\040\001\021\036\331}{subsection.2.5}% 33
\BOOKMARK [3][-]{subsubsection.2.5.3}{\376\377\000I\000n\000p\000u\000t\000,\000\040\000o\000u\000t\000p\000u\000t\000\040\000v\000\340\000\040\036\351\000n\000g\000\040\000d\036\345\000n\000g\000\040\000t\000r\000o\000n\000g\000\040\000p\000r\000o\000j\000e\000c\000t}{subsection.2.5}% 34
\BOOKMARK [2][-]{subsection.2.6}{\376\377\000S\000L\000A\000M}{section.2}% 35
\BOOKMARK [3][-]{subsubsection.2.6.1}{\376\377\001\020\036\313\000n\000h\000\040\000n\000g\000h\001\051\000a\000\040\000v\000\340\000\040\000c\000h\036\351\000c\000\040\000n\001\003\000n\000g}{subsection.2.6}% 36
\BOOKMARK [3][-]{subsubsection.2.6.2}{\376\377\000N\000g\000u\000y\000\352\000n\000\040\000l\000\375\000\040\000t\000\355\000n\000h\000\040\000t\000o\000\341\000n\000\040\000t\000r\000o\000n\000g\000\040\000S\000L\000A\000M}{subsection.2.6}% 37
\BOOKMARK [3][-]{subsubsection.2.6.3}{\376\377\000I\000n\000p\000u\000t\000,\000\040\000o\000u\000t\000p\000u\000t\000\040\000v\000\340\000\040\036\351\000n\000g\000\040\000d\036\345\000n\000g\000\040\000t\000r\000o\000n\000g\000\040\000p\000r\000o\000j\000e\000c\000t}{subsection.2.6}% 38
\BOOKMARK [2][-]{subsection.2.7}{\376\377\000N\000a\000v\0002\000\040\000v\000\340\000\040\001\021\000i\036\301\000u\000\040\000h\001\260\036\333\000n\000g\000\040\000r\000o\000b\000o\000t}{section.2}% 39
\BOOKMARK [3][-]{subsubsection.2.7.1}{\376\377\001\020\036\313\000n\000h\000\040\000n\000g\000h\001\051\000a\000\040\000v\000\340\000\040\000c\000h\036\351\000c\000\040\000n\001\003\000n\000g}{subsection.2.7}% 40
\BOOKMARK [3][-]{subsubsection.2.7.2}{\376\377\000C\000\341\000c\000h\000\040\000h\000o\036\241\000t\000\040\001\021\036\331\000n\000g\000\040\000c\036\347\000a\000\040\000N\000a\000v\0002}{subsection.2.7}% 41
\BOOKMARK [3][-]{subsubsection.2.7.3}{\376\377\000I\000n\000p\000u\000t\000,\000\040\000o\000u\000t\000p\000u\000t\000\040\000v\000\340\000\040\036\351\000n\000g\000\040\000d\036\345\000n\000g\000\040\000t\000r\000o\000n\000g\000\040\000p\000r\000o\000j\000e\000c\000t}{subsection.2.7}% 42
\BOOKMARK [2][-]{subsection.2.8}{\376\377\000Y\000O\000L\000O\000v\0008\000\040\000t\000r\000o\000n\000g\000\040\000n\000h\036\255\000n\000\040\000d\000i\036\307\000n\000\040\001\021\036\321\000i\000\040\000t\001\260\036\343\000n\000g}{section.2}% 43
\BOOKMARK [3][-]{subsubsection.2.8.1}{\376\377\001\020\036\313\000n\000h\000\040\000n\000g\000h\001\051\000a\000\040\000v\000\340\000\040\000c\000h\036\351\000c\000\040\000n\001\003\000n\000g}{subsection.2.8}% 44
\BOOKMARK [3][-]{subsubsection.2.8.2}{\376\377\000D\036\357\000\040\000l\000i\036\307\000u\000\040\001\021\036\247\000u\000\040\000r\000a\000\040\000c\036\347\000a\000\040\000Y\000O\000L\000O\000v\0008}{subsection.2.8}% 45
\BOOKMARK [3][-]{subsubsection.2.8.3}{\376\377\000I\000n\000p\000u\000t\000,\000\040\000o\000u\000t\000p\000u\000t\000\040\000v\000\340\000\040\036\351\000n\000g\000\040\000d\036\345\000n\000g\000\040\000t\000r\000o\000n\000g\000\040\000p\000r\000o\000j\000e\000c\000t}{subsection.2.8}% 46
\BOOKMARK [2][-]{subsection.2.9}{\376\377\001\020\036\313\000n\000h\000\040\000v\036\313\000\040\000m\036\345\000c\000\040\000t\000i\000\352\000u\000\040\000t\036\353\000\040\000R\000G\000B\000-\000D}{section.2}% 47
\BOOKMARK [3][-]{subsubsection.2.9.1}{\376\377\000V\000a\000i\000\040\000t\000r\000\362\000\040\000c\036\347\000a\000\040\001\021\036\313\000n\000h\000\040\000v\036\313\000\040\000m\036\345\000c\000\040\000t\000i\000\352\000u}{subsection.2.9}% 48
\BOOKMARK [3][-]{subsubsection.2.9.2}{\376\377\000Q\000u\000y\000\040\000t\000r\000\354\000n\000h\000\040\000t\000\355\000n\000h\000\040\000t\000o\000\341\000n}{subsection.2.9}% 49
\BOOKMARK [3][-]{subsubsection.2.9.3}{\376\377\000I\000n\000p\000u\000t\000,\000\040\000o\000u\000t\000p\000u\000t\000\040\000v\000\340\000\040\036\351\000n\000g\000\040\000d\036\345\000n\000g\000\040\000t\000r\000o\000n\000g\000\040\000p\000r\000o\000j\000e\000c\000t}{subsection.2.9}% 50
\BOOKMARK [2][-]{subsection.2.10}{\376\377\000C\001\241\000\040\000c\036\245\000u\000\040\000c\000h\036\245\000p\000\040\000h\000\340\000n\000h\000\040\000r\000o\000b\000o\000t\000\040\000v\000i\000\040\000s\000a\000i}{section.2}% 51
\BOOKMARK [3][-]{subsubsection.2.10.1}{\376\377\001\020\036\313\000n\000h\000\040\000n\000g\000h\001\051\000a\000\040\000v\000\340\000\040\000c\000h\036\351\000c\000\040\000n\001\003\000n\000g}{subsection.2.10}% 52
\BOOKMARK [3][-]{subsubsection.2.10.2}{\376\377\000M\000\364\000\040\000h\000\354\000n\000h\000\040\001\021\036\331\000n\000g\000\040\000h\036\315\000c}{subsection.2.10}% 53
\BOOKMARK [3][-]{subsubsection.2.10.3}{\376\377\000\335\000\040\000n\000g\000h\001\051\000a\000\040\000c\000\341\000c\000\040\000t\000r\001\260\036\335\000n\000g\000\040\000h\036\343\000p\000\040\000c\000h\000u\000y\036\303\000n\000\040\001\021\036\331\000n\000g}{subsection.2.10}% 54
\BOOKMARK [2][-]{subsection.2.11}{\376\377\000M\000i\000s\000s\000i\000o\000n\000\040\000M\000a\000n\000a\000g\000e\000r\000\040\000v\000\340\000\040\000t\000h\000u\036\255\000t\000\040\000t\000o\000\341\000n\000\040\000t\000i\036\277\000p\000\040\000c\036\255\000n\000\040\000a\000n\000\040\000t\000o\000\340\000n}{section.2}% 55
\BOOKMARK [3][-]{subsubsection.2.11.1}{\376\377\000C\000h\036\351\000c\000\040\000n\001\003\000n\000g\000\040\000c\036\347\000a\000\040\000M\000i\000s\000s\000i\000o\000n\000\040\000M\000a\000n\000a\000g\000e\000r}{subsection.2.11}% 56
\BOOKMARK [3][-]{subsubsection.2.11.2}{\376\377\000C\000\364\000n\000g\000\040\000t\000h\036\351\000c\000\040\000t\000\355\000n\000h\000\040\000s\000a\000f\000e\000\040\000g\000o\000a\000l}{subsection.2.11}% 57
\BOOKMARK [3][-]{subsubsection.2.11.3}{\376\377\000I\000n\000p\000u\000t\000,\000\040\000o\000u\000t\000p\000u\000t\000\040\000v\000\340\000\040\036\351\000n\000g\000\040\000d\036\345\000n\000g\000\040\000t\000r\000o\000n\000g\000\040\000p\000r\000o\000j\000e\000c\000t}{subsection.2.11}% 58
\BOOKMARK [2][-]{subsection.2.12}{\376\377\000L\000u\036\323\000n\000g\000\040\000d\036\357\000\040\000l\000i\036\307\000u\000\040\000t\036\325\000n\000g\000\040\000h\036\343\000p\000\040\000t\000r\000o\000n\000g\000\040\000p\000r\000o\000j\000e\000c\000t\000\040\000T\000u\000r\000t\000l\000e\000B\000o\000t\0004}{section.2}% 59
\BOOKMARK [2][-]{subsection.2.13}{\376\377\000K\036\277\000t\000\040\000l\000u\036\255\000n\000\040\000c\000h\001\260\001\241\000n\000g}{section.2}% 60
\BOOKMARK [1][-]{section.3}{\376\377\000T\000H\000I\036\276\000T\000\040\000K\036\276\000\040\000K\000I\036\276\000N\000\040\000T\000R\000\332\000C\000\040\000H\036\306\000\040\000T\000H\036\320\000N\000G}{}% 61
\BOOKMARK [2][-]{subsection.3.1}{\376\377\000T\036\325\000n\000g\000\040\000q\000u\000a\000n\000\040\000k\000i\036\277\000n\000\040\000t\000r\000\372\000c\000\040\000h\036\307\000\040\000t\000h\036\321\000n\000g}{section.3}% 62
\BOOKMARK [2][-]{subsection.3.2}{\376\377\000C\000\341\000c\000\040\000p\000a\000c\000k\000a\000g\000e\000\040\000c\000h\000\355\000n\000h\000\040\000t\000r\000o\000n\000g\000\040\000h\036\307\000\040\000t\000h\036\321\000n\000g}{section.3}% 63
\BOOKMARK [3][-]{subsubsection.3.2.1}{\376\377\000P\000a\000c\000k\000a\000g\000e\000\040\000t\000b\0004\000\137\000b\000r\000i\000n\000g\000u\000p}{subsection.3.2}% 64
\BOOKMARK [3][-]{subsubsection.3.2.2}{\376\377\000P\000a\000c\000k\000a\000g\000e\000\040\000t\000b\0004\000\137\000v\000i\000s\000i\000o\000n\000\137\000o\000a\000k}{subsection.3.2}% 65
\BOOKMARK [3][-]{subsubsection.3.2.3}{\376\377\000P\000a\000c\000k\000a\000g\000e\000\040\000t\000b\0004\000\137\000o\000b\000j\000e\000c\000t\000\137\000l\000o\000c\000a\000l\000i\000z\000a\000t\000i\000o\000n}{subsection.3.2}% 66
\BOOKMARK [3][-]{subsubsection.3.2.4}{\376\377\000P\000a\000c\000k\000a\000g\000e\000\040\000t\000b\0004\000\137\000n\000a\000v\000\137\000p\000a\000t\000r\000o\000l}{subsection.3.2}% 67
\BOOKMARK [3][-]{subsubsection.3.2.5}{\376\377\000P\000a\000c\000k\000a\000g\000e\000\040\000t\000b\0004\000\137\000m\000i\000s\000s\000i\000o\000n\000\137\000m\000a\000n\000a\000g\000e\000r}{subsection.3.2}% 68
\BOOKMARK [2][-]{subsection.3.3}{\376\377\000L\000u\036\323\000n\000g\000\040\000d\036\357\000\040\000l\000i\036\307\000u\000\040\000c\000h\000\355\000n\000h\000\040\000c\036\347\000a\000\040\000h\036\307\000\040\000t\000h\036\321\000n\000g}{section.3}% 69
\BOOKMARK [2][-]{subsection.3.4}{\376\377\000S\001\241\000\040\001\021\036\323\000\040\000k\000h\036\321\000i\000\040\000k\000i\036\277\000n\000\040\000t\000r\000\372\000c\000\040\000h\036\307\000\040\000t\000h\036\321\000n\000g}{section.3}% 70
\BOOKMARK [2][-]{subsection.3.5}{\376\377\000M\000\364\000i\000\040\000t\000r\001\260\036\335\000n\000g\000\040\000m\000\364\000\040\000p\000h\036\317\000n\000g}{section.3}% 71
\BOOKMARK [2][-]{subsection.3.6}{\376\377\000C\036\245\000u\000\040\000h\000\354\000n\000h\000\040\000l\000a\000u\000n\000c\000h\000\040\000t\036\325\000n\000g\000\040\000h\036\343\000p}{section.3}% 72
\BOOKMARK [2][-]{subsection.3.7}{\376\377\001\020\000\341\000n\000h\000\040\000g\000i\000\341\000\040\000k\000i\036\277\000n\000\040\000t\000r\000\372\000c\000\040\000h\036\307\000\040\000t\000h\036\321\000n\000g}{section.3}% 73
\BOOKMARK [2][-]{subsection.3.8}{\376\377\000K\036\277\000t\000\040\000l\000u\036\255\000n\000\040\000c\000h\001\260\001\241\000n\000g}{section.3}% 74
\BOOKMARK [1][-]{section.4}{\376\377\000H\036\306\000\040\000T\000H\036\320\000N\000G\000\040\000C\036\242\000M\000\040\000B\000I\036\276\000N\000\040\000V\000\300\000\040\000X\036\354\000\040\000L\000\335\000\040\000D\036\356\000\040\000L\000I\036\306\000U}{}% 75
\BOOKMARK [2][-]{subsection.4.1}{\376\377\000V\000a\000i\000\040\000t\000r\000\362\000\040\000c\036\347\000a\000\040\000c\036\243\000m\000\040\000b\000i\036\277\000n\000\040\000t\000r\000o\000n\000g\000\040\001\021\036\301\000\040\000t\000\340\000i}{section.4}% 76
\BOOKMARK [2][-]{subsection.4.2}{\376\377\000L\000i\000D\000A\000R\000\040\000v\000\340\000\040\000d\036\357\000\040\000l\000i\036\307\000u\000\040\000/\000s\000c\000a\000n}{section.4}% 77
\BOOKMARK [3][-]{subsubsection.4.2.1}{\376\377\000C\000h\036\351\000c\000\040\000n\001\003\000n\000g\000\040\000c\036\347\000a\000\040\000L\000i\000D\000A\000R\000\040\000t\000r\000o\000n\000g\000\040\000h\036\307\000\040\000t\000h\036\321\000n\000g}{subsection.4.2}% 78
\BOOKMARK [3][-]{subsubsection.4.2.2}{\376\377\000C\000\341\000c\000h\000\040\000h\000o\036\241\000t\000\040\001\021\036\331\000n\000g\000\040\000v\000\340\000\040\000c\000\341\000c\000h\000\040\000t\000\355\000n\000h\000\040\000d\036\357\000\040\000l\000i\036\307\000u\000\040\000L\000i\000D\000A\000R}{subsection.4.2}% 79
\BOOKMARK [3][-]{subsubsection.4.2.3}{\376\377\000K\000i\036\303\000m\000\040\000t\000r\000a\000\040\000v\000\340\000\040\000l\036\327\000i\000\040\000t\000h\001\260\036\335\000n\000g\000\040\000g\036\267\000p\000\040\000c\036\347\000a\000\040\000d\036\357\000\040\000l\000i\036\307\000u\000\040\000/\000s\000c\000a\000n}{subsection.4.2}% 80
\BOOKMARK [2][-]{subsection.4.3}{\376\377\000C\000a\000m\000e\000r\000a\000\040\000R\000G\000B\000-\000D\000\040\000O\000A\000K\000-\000D}{section.4}% 81
\BOOKMARK [3][-]{subsubsection.4.3.1}{\376\377\000C\000h\036\351\000c\000\040\000n\001\003\000n\000g\000\040\000c\036\347\000a\000\040\000c\000a\000m\000e\000r\000a\000\040\000R\000G\000B\000-\000D\000\040\000t\000r\000o\000n\000g\000\040\000p\000r\000o\000j\000e\000c\000t}{subsection.4.3}% 82
\BOOKMARK [3][-]{subsubsection.4.3.2}{\376\377\000T\000h\000\340\000n\000h\000\040\000p\000h\036\247\000n\000\040\000d\036\357\000\040\000l\000i\036\307\000u\000\040\000c\036\347\000a\000\040\000c\000a\000m\000e\000r\000a\000\040\000R\000G\000B\000-\000D}{subsection.4.3}% 83
\BOOKMARK [3][-]{subsubsection.4.3.3}{\376\377\000C\000\341\000c\000h\000\040\000t\000\355\000n\000h\000\040\000t\036\315\000a\000\040\001\021\036\331\000\040\0003\000D\000\040\000t\036\353\000\040\036\243\000n\000h\000\040\000R\000G\000B\000-\000D}{subsection.4.3}% 84
\BOOKMARK [2][-]{subsection.4.4}{\376\377\000N\000h\036\255\000n\000\040\000d\000i\036\307\000n\000\040\001\021\036\321\000i\000\040\000t\001\260\036\343\000n\000g\000\040\000b\036\261\000n\000g\000\040\000Y\000O\000L\000O\000v\0008\000n}{section.4}% 85
\BOOKMARK [3][-]{subsubsection.4.4.1}{\376\377\000V\000a\000i\000\040\000t\000r\000\362\000\040\000c\036\347\000a\000\040\000Y\000O\000L\000O\000v\0008\000n}{subsection.4.4}% 86
\BOOKMARK [3][-]{subsubsection.4.4.2}{\376\377\000D\036\357\000\040\000l\000i\036\307\000u\000\040\000d\000e\000t\000e\000c\000t\000i\000o\000n\000\040\000v\000\340\000\040\000t\000i\000\352\000u\000\040\000c\000h\000\355\000\040\000c\000h\036\315\000n\000\040\000m\036\345\000c\000\040\000t\000i\000\352\000u}{subsection.4.4}% 87
\BOOKMARK [2][-]{subsection.4.5}{\376\377\001\020\036\313\000n\000h\000\040\000v\036\313\000\040\000m\036\345\000c\000\040\000t\000i\000\352\000u\000\040\000t\036\353\000\040\000R\000G\000B\000-\000D}{section.4}% 88
\BOOKMARK [3][-]{subsubsection.4.5.1}{\376\377\000Q\000u\000y\000\040\000t\000r\000\354\000n\000h\000\040\001\021\036\313\000n\000h\000\040\000v\036\313}{subsection.4.5}% 89
\BOOKMARK [3][-]{subsubsection.4.5.2}{\376\377\000L\036\315\000c\000\040\000d\000e\000p\000t\000h\000\040\000t\036\241\000i\000\040\000v\000\371\000n\000g\000\040\000b\000b\000o\000x}{subsection.4.5}% 90
\BOOKMARK [3][-]{subsubsection.4.5.3}{\376\377\000I\000n\000p\000u\000t\000,\000\040\000o\000u\000t\000p\000u\000t\000\040\000c\036\347\000a\000\040\000n\000o\000d\000e\000\040\000o\000b\000j\000e\000c\000t\000\137\000l\000o\000c\000a\000l\000i\000z\000a\000t\000i\000o\000n\000\137\000n\000o\000d\000e}{subsection.4.5}% 91
\BOOKMARK [2][-]{subsection.4.6}{\376\377\000T\000F\000\040\000v\000\340\000\040\000h\036\343\000p\000\040\000n\000h\036\245\000t\000\040\000t\000h\000\364\000n\000g\000\040\000t\000i\000n\000\040\000c\036\243\000m\000\040\000b\000i\036\277\000n}{section.4}% 92
\BOOKMARK [3][-]{subsubsection.4.6.1}{\376\377\000V\000a\000i\000\040\000t\000r\000\362\000\040\000c\036\347\000a\000\040\000T\000F\000/\000T\000F\0002}{subsection.4.6}% 93
\BOOKMARK [3][-]{subsubsection.4.6.2}{\376\377\000C\000\364\000n\000g\000\040\000t\000h\036\351\000c\000\040\000b\000i\036\277\000n\000\040\001\021\036\325\000i\000\040\000p\000o\000s\000e\000\040\000g\000i\036\357\000a\000\040\000c\000\341\000c\000\040\000f\000r\000a\000m\000e}{subsection.4.6}% 94
\BOOKMARK [2][-]{subsection.4.7}{\376\377\001\020\000\341\000n\000h\000\040\000g\000i\000\341\000\040\000k\036\371\000\040\000t\000h\000u\036\255\000t\000\040\000h\036\307\000\040\000c\036\243\000m\000\040\000b\000i\036\277\000n}{section.4}% 95
\BOOKMARK [2][-]{subsection.4.8}{\376\377\000L\000u\036\323\000n\000g\000\040\000d\036\357\000\040\000l\000i\036\307\000u\000\040\000c\036\243\000m\000\040\000b\000i\036\277\000n\000\040\000t\000r\000o\000n\000g\000\040\000p\000r\000o\000j\000e\000c\000t}{section.4}% 96
\BOOKMARK [2][-]{subsection.4.9}{\376\377\000G\036\343\000i\000\040\000\375\000\040\000k\000i\036\303\000m\000\040\000t\000r\000a\000\040\000k\000h\000i\000\040\000c\000h\036\241\000y\000\040\000h\036\307\000\040\000t\000h\036\321\000n\000g}{section.4}% 97
\BOOKMARK [2][-]{subsection.4.10}{\376\377\000K\036\277\000t\000\040\000l\000u\036\255\000n\000\040\000c\000h\001\260\001\241\000n\000g}{section.4}% 98
\BOOKMARK [1][-]{section.5}{\376\377\000C\001\240\000\040\000C\036\244\000U\000\040\000C\000H\036\244\000P\000\040\000H\000\300\000N\000H\000\040\000V\000\300\000\040\001\020\000I\036\300\000U\000\040\000K\000H\000I\036\302\000N\000\040\000C\000H\000U\000Y\036\302\000N\000\040\001\020\036\330\000N\000G}{}% 99
\BOOKMARK [2][-]{subsection.5.1}{\376\377\000C\036\245\000u\000\040\000t\000r\000\372\000c\000\040\000c\000h\036\245\000p\000\040\000h\000\340\000n\000h\000\040\000c\036\347\000a\000\040\000T\000u\000r\000t\000l\000e\000B\000o\000t\0004}{section.5}% 100
\BOOKMARK [3][-]{subsubsection.5.1.1}{\376\377\000K\000h\000\341\000i\000\040\000n\000i\036\307\000m\000\040\000c\001\241\000\040\000c\036\245\000u\000\040\000c\000h\036\245\000p\000\040\000h\000\340\000n\000h\000\040\000t\000r\000o\000n\000g\000\040\000r\000o\000b\000o\000t\000\040\000t\036\361\000\040\000h\000\340\000n\000h}{subsection.5.1}% 101
\BOOKMARK [3][-]{subsubsection.5.1.2}{\376\377\000T\000h\000\340\000n\000h\000\040\000p\000h\036\247\000n\000\040\000v\000\340\000\040\000c\000h\036\351\000c\000\040\000n\001\003\000n\000g}{subsection.5.1}% 102
\BOOKMARK [3][-]{subsubsection.5.1.3}{\376\377\000I\000n\000p\000u\000t\000\040\000v\000\340\000\040\000o\000u\000t\000p\000u\000t\000\040\000c\036\347\000a\000\040\000l\036\333\000p\000\040\000c\000h\036\245\000p\000\040\000h\000\340\000n\000h}{subsection.5.1}% 103
\BOOKMARK [2][-]{subsection.5.2}{\376\377\000M\000\364\000\040\000h\000\354\000n\000h\000\040\001\021\036\331\000n\000g\000\040\000h\036\315\000c\000\040\000r\000o\000b\000o\000t\000\040\000v\000i\000\040\000s\000a\000i}{section.5}% 104
\BOOKMARK [3][-]{subsubsection.5.2.1}{\376\377\000T\000r\036\241\000n\000g\000\040\000t\000h\000\341\000i\000\040\000v\000\340\000\040\000g\000i\036\243\000\040\000t\000h\000i\036\277\000t\000\040\000c\000h\000u\000y\036\303\000n\000\040\001\021\036\331\000n\000g}{subsection.5.2}% 105
\BOOKMARK [3][-]{subsubsection.5.2.2}{\376\377\000P\000h\001\260\001\241\000n\000g\000\040\000t\000r\000\354\000n\000h\000\040\001\021\036\331\000n\000g\000\040\000h\036\315\000c\000\040\000t\000h\000u\036\255\000n}{subsection.5.2}% 106
\BOOKMARK [3][-]{subsubsection.5.2.3}{\376\377\000Q\000u\000a\000n\000\040\000h\036\307\000\040\000g\000i\036\357\000a\000\040\000v\036\255\000n\000\040\000t\036\321\000c\000\040\000r\000o\000b\000o\000t\000\040\000v\000\340\000\040\000v\036\255\000n\000\040\000t\036\321\000c\000\040\000b\000\341\000n\000h\000\040\000x\000e}{subsection.5.2}% 107
\BOOKMARK [2][-]{subsection.5.3}{\376\377\000L\036\307\000n\000h\000\040\000v\036\255\000n\000\040\000t\036\321\000c\000\040\000/\000c\000m\000d\000\137\000v\000e\000l\000\040\000v\000\340\000\040\000q\000u\000\341\000\040\000t\000r\000\354\000n\000h\000\040\000t\000h\036\361\000c\000\040\000t\000h\000i\000\040\000c\000h\000u\000y\036\303\000n\000\040\001\021\036\331\000n\000g}{section.5}% 108
\BOOKMARK [2][-]{subsection.5.4}{\376\377\000N\000a\000v\0002\000\040\000n\000h\001\260\000\040\000l\036\333\000p\000\040\001\021\000i\036\301\000u\000\040\000k\000h\000i\036\303\000n\000\040\000c\000h\000u\000y\036\303\000n\000\040\001\021\036\331\000n\000g\000\040\000c\036\245\000p\000\040\000c\000a\000o}{section.5}% 109
\BOOKMARK [3][-]{subsubsection.5.4.1}{\376\377\000V\000a\000i\000\040\000t\000r\000\362\000\040\000c\036\347\000a\000\040\000N\000a\000v\0002}{subsection.5.4}% 110
\BOOKMARK [3][-]{subsubsection.5.4.2}{\376\377\000T\000h\000\340\000n\000h\000\040\000p\000h\036\247\000n\000\040\000c\000h\000\355\000n\000h\000\040\000c\036\347\000a\000\040\000N\000a\000v\0002\000\040\000t\000r\000o\000n\000g\000\040\000p\000r\000o\000j\000e\000c\000t}{subsection.5.4}% 111
\BOOKMARK [3][-]{subsubsection.5.4.3}{\376\377\000I\000n\000p\000u\000t\000\040\000v\000\340\000\040\000o\000u\000t\000p\000u\000t\000\040\000c\036\347\000a\000\040\000N\000a\000v\0002}{subsection.5.4}% 112
\BOOKMARK [2][-]{subsection.5.5}{\376\377\000P\000a\000t\000r\000o\000l\000\040\000N\000o\000d\000e}{section.5}% 113
\BOOKMARK [3][-]{subsubsection.5.5.1}{\376\377\000C\000h\036\351\000c\000\040\000n\001\003\000n\000g}{subsection.5.5}% 114
\BOOKMARK [3][-]{subsubsection.5.5.2}{\376\377\000T\000h\000u\036\255\000t\000\040\000t\000o\000\341\000n\000\040\000t\000u\036\247\000n\000\040\000t\000r\000a}{subsection.5.5}% 115
\BOOKMARK [2][-]{subsection.5.6}{\376\377\000M\000i\000s\000s\000i\000o\000n\000\040\000M\000a\000n\000a\000g\000e\000r\000\040\000v\000\340\000\040\001\021\000i\036\301\000u\000\040\000k\000h\000i\036\303\000n\000\040\000h\000\340\000n\000h\000\040\000v\000i}{section.5}% 116
\BOOKMARK [3][-]{subsubsection.5.6.1}{\376\377\000V\000a\000i\000\040\000t\000r\000\362\000\040\000c\036\347\000a\000\040\000M\000i\000s\000s\000i\000o\000n\000\040\000M\000a\000n\000a\000g\000e\000r}{subsection.5.6}% 117
\BOOKMARK [3][-]{subsubsection.5.6.2}{\376\377\000C\000\364\000n\000g\000\040\000t\000h\036\351\000c\000\040\000t\000\355\000n\000h\000\040\001\021\000i\036\303\000m\000\040\000t\000i\036\277\000p\000\040\000c\036\255\000n\000\040\000a\000n\000\040\000t\000o\000\340\000n}{subsection.5.6}% 118
\BOOKMARK [2][-]{subsection.5.7}{\376\377\000Q\000u\000a\000n\000\040\000h\036\307\000\040\000g\000i\036\357\000a\000\040\000c\036\243\000m\000\040\000b\000i\036\277\000n\000\040\000v\000\340\000\040\000c\001\241\000\040\000c\036\245\000u\000\040\000c\000h\036\245\000p\000\040\000h\000\340\000n\000h}{section.5}% 119
\BOOKMARK [2][-]{subsection.5.8}{\376\377\000L\000u\036\323\000n\000g\000\040\000d\036\357\000\040\000l\000i\036\307\000u\000\040\000c\000h\000\355\000n\000h\000\040\000t\000r\000o\000n\000g\000\040\000C\000h\001\260\001\241\000n\000g\000\040\0005}{section.5}% 120
\BOOKMARK [2][-]{subsection.5.9}{\376\377\001\020\000\341\000n\000h\000\040\000g\000i\000\341\000\040\000k\036\371\000\040\000t\000h\000u\036\255\000t\000\040\000l\036\333\000p\000\040\000c\000h\036\245\000p\000\040\000h\000\340\000n\000h\000\040\000v\000\340\000\040\001\021\000i\036\301\000u\000\040\000k\000h\000i\036\303\000n}{section.5}% 121
\BOOKMARK [2][-]{subsection.5.10}{\376\377\000K\036\277\000t\000\040\000l\000u\036\255\000n\000\040\000c\000h\001\260\001\241\000n\000g}{section.5}% 122
\BOOKMARK [1][-]{section.6}{\376\377\000T\000R\000I\036\302\000N\000\040\000K\000H\000A\000I\000\040\000N\000H\000I\036\306\000M\000\040\000V\036\344\000\040\000T\036\360\000\040\000H\000\300\000N\000H}{}% 123
\BOOKMARK [2][-]{subsection.6.1}{\376\377\000M\036\345\000c\000\040\000t\000i\000\352\000u\000\040\000n\000h\000i\036\307\000m\000\040\000v\036\345}{section.6}% 124
\BOOKMARK [3][-]{subsubsection.6.1.1}{\376\377\000Y\000\352\000u\000\040\000c\036\247\000u\000\040\000c\000h\036\351\000c\000\040\000n\001\003\000n\000g\000\040\000c\036\347\000a\000\040\000n\000h\000i\036\307\000m\000\040\000v\036\345}{subsection.6.1}% 125
\BOOKMARK [3][-]{subsubsection.6.1.2}{\376\377\000I\000n\000p\000u\000t\000\040\000v\000\340\000\040\000o\000u\000t\000p\000u\000t\000\040\000c\036\347\000a\000\040\000t\000o\000\340\000n\000\040\000n\000h\000i\036\307\000m\000\040\000v\036\345}{subsection.6.1}% 126
\BOOKMARK [2][-]{subsection.6.2}{\376\377\000Q\000u\000y\000\040\000t\000r\000\354\000n\000h\000\040\000k\000h\036\337\000i\000\040\001\021\036\331\000n\000g\000\040\000h\036\307\000\040\000t\000h\036\321\000n\000g}{section.6}% 127
\BOOKMARK [3][-]{subsubsection.6.2.1}{\376\377\000B\001\260\036\333\000c\000\040\0001\000:\000\040\000K\000h\036\337\000i\000\040\001\021\036\331\000n\000g\000\040\000m\000\364\000\040\000p\000h\036\317\000n\000g\000\040\000T\000u\000r\000t\000l\000e\000B\000o\000t\0004}{subsection.6.2}% 128
\BOOKMARK [3][-]{subsubsection.6.2.2}{\376\377\000B\001\260\036\333\000c\000\040\0002\000:\000\040\000C\000h\036\241\000y\000\040\000f\000u\000l\000l\000\040\000m\000i\000s\000s\000i\000o\000n}{subsection.6.2}% 129
\BOOKMARK [3][-]{subsubsection.6.2.3}{\376\377\000I\000n\000p\000u\000t\000,\000\040\000o\000u\000t\000p\000u\000t\000\040\000v\000\340\000\040\001\021\000i\036\303\000m\000\040\000c\036\247\000n\000\040\000k\000i\036\303\000m\000\040\000t\000r\000a\000\040\000k\000h\000i\000\040\000k\000h\036\337\000i\000\040\001\021\036\331\000n\000g}{subsection.6.2}% 130
\BOOKMARK [2][-]{subsection.6.3}{\376\377\000S\000L\000A\000M\000\040\000v\000\340\000\040\000b\036\243\000n\000\040\001\021\036\323\000\040\000m\000\364\000i\000\040\000t\000r\001\260\036\335\000n\000g}{section.6}% 131
\BOOKMARK [3][-]{subsubsection.6.3.1}{\376\377\000D\036\357\000\040\000l\000i\036\307\000u\000\040\000v\000\340\000o\000\040\000v\000\340\000\040\000d\036\357\000\040\000l\000i\036\307\000u\000\040\000r\000a\000\040\000c\036\347\000a\000\040\000q\000u\000\341\000\040\000t\000r\000\354\000n\000h\000\040\000S\000L\000A\000M}{subsection.6.3}% 132
\BOOKMARK [3][-]{subsubsection.6.3.2}{\376\377\000C\000\341\000c\000h\000\040\000q\000u\000y\000\040\001\021\036\325\000i\000\040\000v\036\313\000\040\000t\000r\000\355\000\040\000t\000h\036\361\000c\000\040\000s\000a\000n\000g\000\040\000\364\000\040\000b\036\243\000n\000\040\001\021\036\323}{subsection.6.3}% 133
\BOOKMARK [3][-]{subsubsection.6.3.3}{\376\377\000C\000\341\000c\000\040\000t\000h\000a\000m\000\040\000s\036\321\000\040\000S\000L\000A\000M\000\040\000q\000u\000a\000n\000\040\000t\000r\036\315\000n\000g}{subsection.6.3}% 134
\BOOKMARK [2][-]{subsection.6.4}{\376\377\000N\000a\000v\000i\000g\000a\000t\000i\000o\000n\000\040\000v\000\340\000\040\000t\000u\036\247\000n\000\040\000t\000r\000a}{section.6}% 135
\BOOKMARK [3][-]{subsubsection.6.4.1}{\376\377\000M\000\364\000\040\000h\000\354\000n\000h\000\040\000w\000a\000y\000p\000o\000i\000n\000t\000\040\000t\000u\036\247\000n\000\040\000t\000r\000a}{subsection.6.4}% 136
\BOOKMARK [3][-]{subsubsection.6.4.2}{\376\377\001\020\000i\036\301\000u\000\040\000k\000i\036\307\000n\000\040\000h\000o\000\340\000n\000\040\000t\000h\000\340\000n\000h\000\040\000w\000a\000y\000p\000o\000i\000n\000t}{subsection.6.4}% 137
\BOOKMARK [3][-]{subsubsection.6.4.3}{\376\377\000T\000r\036\241\000n\000g\000\040\000t\000h\000\341\000i\000\040\000c\036\347\000a\000\040\000P\000a\000t\000r\000o\000l\000\040\000N\000o\000d\000e}{subsection.6.4}% 138
\BOOKMARK [2][-]{subsection.6.5}{\376\377\000N\000h\036\255\000n\000\040\000d\000i\036\307\000n\000\040\000v\000\340\000\040\001\021\036\313\000n\000h\000\040\000v\036\313\000\040\000m\036\345\000c\000\040\000t\000i\000\352\000u}{section.6}% 139
\BOOKMARK [3][-]{subsubsection.6.5.1}{\376\377\000L\000u\036\323\000n\000g\000\040\000x\036\355\000\040\000l\000\375\000\040\000n\000h\036\255\000n\000\040\000d\000i\036\307\000n}{subsection.6.5}% 140
\BOOKMARK [3][-]{subsubsection.6.5.2}{\376\377\000C\000\364\000n\000g\000\040\000t\000h\036\351\000c\000\040\000t\000\355\000n\000h\000\040\000t\036\315\000a\000\040\001\021\036\331\000\040\0003\000D\000\040\000t\036\353\000\040\000R\000G\000B\000-\000D}{subsection.6.5}% 141
\BOOKMARK [2][-]{subsection.6.6}{\376\377\000M\000i\000s\000s\000i\000o\000n\000\040\000M\000a\000n\000a\000g\000e\000r}{section.6}% 142
\BOOKMARK [3][-]{subsubsection.6.6.1}{\376\377\000T\000r\036\241\000n\000g\000\040\000t\000h\000\341\000i\000\040\000c\000h\000\355\000n\000h\000\040\000c\036\347\000a\000\040\000M\000i\000s\000s\000i\000o\000n\000\040\000M\000a\000n\000a\000g\000e\000r}{subsection.6.6}% 143
\BOOKMARK [3][-]{subsubsection.6.6.2}{\376\377\000T\000\355\000n\000h\000\040\001\021\000i\036\303\000m\000\040\000t\000i\036\277\000p\000\040\000c\036\255\000n\000\040\000a\000n\000\040\000t\000o\000\340\000n}{subsection.6.6}% 144
\BOOKMARK [3][-]{subsubsection.6.6.3}{\376\377\000I\000n\000p\000u\000t\000\040\000v\000\340\000\040\000o\000u\000t\000p\000u\000t\000\040\000c\036\347\000a\000\040\000M\000i\000s\000s\000i\000o\000n\000\040\000M\000a\000n\000a\000g\000e\000r}{subsection.6.6}% 145
\BOOKMARK [2][-]{subsection.6.7}{\376\377\000C\000\341\000c\000\040\000t\000o\000p\000i\000c\000\040\000k\000i\036\303\000m\000\040\000t\000r\000a\000\040\000q\000u\000a\000n\000\040\000t\000r\036\315\000n\000g}{section.6}% 146
\BOOKMARK [3][-]{subsubsection.6.7.1}{\376\377\000C\000\341\000c\000h\000\040\001\021\036\315\000c\000\040\000l\036\327\000i\000\040\000t\000h\000e\000o\000\040\000l\000u\036\323\000n\000g\000\040\000d\036\357\000\040\000l\000i\036\307\000u}{subsection.6.7}% 147
\BOOKMARK [2][-]{subsection.6.8}{\376\377\000S\001\241\000\040\001\021\036\323\000\040\000h\000o\036\241\000t\000\040\001\021\036\331\000n\000g\000\040\000t\036\325\000n\000g\000\040\000h\036\343\000p\000\040\000c\036\347\000a\000\040\000n\000h\000i\036\307\000m\000\040\000v\036\345}{section.6}% 148
\BOOKMARK [2][-]{subsection.6.9}{\376\377\001\020\000\341\000n\000h\000\040\000g\000i\000\341\000\040\000q\000u\000y\000\040\000t\000r\000\354\000n\000h\000\040\000t\000r\000i\036\303\000n\000\040\000k\000h\000a\000i}{section.6}% 149
\BOOKMARK [2][-]{subsection.6.10}{\376\377\000K\036\277\000t\000\040\000l\000u\036\255\000n\000\040\000c\000h\001\260\001\241\000n\000g}{section.6}% 150
\BOOKMARK [1][-]{section.7}{\376\377\000K\036\276\000T\000\040\000Q\000U\036\242\000\040\000M\000\324\000\040\000P\000H\036\316\000N\000G\000\040\000V\000\300\000\040\001\020\000\301\000N\000H\000\040\000G\000I\000\301}{}% 151
\BOOKMARK [2][-]{subsection.7.1}{\376\377\000M\036\345\000c\000\040\001\021\000\355\000c\000h\000\040\000v\000\340\000\040\000p\000h\036\241\000m\000\040\000v\000i\000\040\001\021\000\341\000n\000h\000\040\000g\000i\000\341}{section.7}% 152
\BOOKMARK [2][-]{subsection.7.2}{\376\377\000K\036\277\000t\000\040\000q\000u\036\243\000\040\001\021\036\241\000t\000\040\001\021\001\260\036\343\000c}{section.7}% 153
\BOOKMARK [2][-]{subsection.7.3}{\376\377\000P\000h\001\260\001\241\000n\000g\000\040\000p\000h\000\341\000p\000\040\001\021\000\341\000n\000h\000\040\000g\000i\000\341\000\040\000v\000\340\000\040\000c\000h\036\311\000\040\000t\000i\000\352\000u\000\040\001\021\036\313\000n\000h\000\040\000l\001\260\036\343\000n\000g\000\040\001\021\036\301\000\040\000x\000u\036\245\000t}{section.7}% 154
\BOOKMARK [2][-]{subsection.7.4}{\376\377\001\020\000\341\000n\000h\000\040\000g\000i\000\341\000\040\000h\036\307\000\040\000c\036\243\000m\000\040\000b\000i\036\277\000n}{section.7}% 155
\BOOKMARK [3][-]{subsubsection.7.4.1}{\376\377\001\020\000\341\000n\000h\000\040\000g\000i\000\341\000\040\000L\000i\000D\000A\000R}{subsection.7.4}% 156
\BOOKMARK [3][-]{subsubsection.7.4.2}{\376\377\001\020\000\341\000n\000h\000\040\000g\000i\000\341\000\040\000c\000a\000m\000e\000r\000a\000\040\000R\000G\000B\000-\000D}{subsection.7.4}% 157
\BOOKMARK [3][-]{subsubsection.7.4.3}{\376\377\001\020\000\341\000n\000h\000\040\000g\000i\000\341\000\040\000o\000d\000o\000m\000e\000t\000r\000y\000\040\000v\000\340\000\040\000T\000F}{subsection.7.4}% 158
\BOOKMARK [2][-]{subsection.7.5}{\376\377\001\020\000\341\000n\000h\000\040\000g\000i\000\341\000\040\000c\001\241\000\040\000c\036\245\000u\000\040\000c\000h\036\245\000p\000\040\000h\000\340\000n\000h\000\040\000v\000\340\000\040\001\021\000i\036\301\000u\000\040\000k\000h\000i\036\303\000n}{section.7}% 159
\BOOKMARK [2][-]{subsection.7.6}{\376\377\001\020\000\341\000n\000h\000\040\000g\000i\000\341\000\040\000n\000h\036\255\000n\000\040\000d\000i\036\307\000n\000\040\000v\000\340\000\040\001\021\036\313\000n\000h\000\040\000v\036\313\000\040\000m\036\345\000c\000\040\000t\000i\000\352\000u}{section.7}% 160
\BOOKMARK [2][-]{subsection.7.7}{\376\377\001\020\000\341\000n\000h\000\040\000g\000i\000\341\000\040\000k\000i\036\277\000n\000\040\000t\000r\000\372\000c\000\040\000p\000h\036\247\000n\000\040\000m\036\301\000m}{section.7}% 161
\BOOKMARK [2][-]{subsection.7.8}{\376\377\000H\036\241\000n\000\040\000c\000h\036\277\000\040\000c\036\347\000a\000\040\000h\036\307\000\040\000t\000h\036\321\000n\000g}{section.7}% 162
\BOOKMARK [2][-]{subsection.7.9}{\376\377\000H\001\260\036\333\000n\000g\000\040\000p\000h\000\341\000t\000\040\000t\000r\000i\036\303\000n}{section.7}% 163
\BOOKMARK [2][-]{subsection.7.10}{\376\377\000K\036\277\000t\000\040\000l\000u\036\255\000n\000\040\000c\000h\001\260\001\241\000n\000g}{section.7}% 164
\BOOKMARK [1][-]{section.8}{\376\377\000K\036\276\000T\000\040\000L\000U\036\254\000N}{}% 165
\BOOKMARK [2][-]{subsection.8.1}{\376\377\000K\036\277\000t\000\040\000l\000u\036\255\000n\000\040\000c\000h\000u\000n\000g}{section.8}% 166
\BOOKMARK [2][-]{subsection.8.2}{\376\377\000C\000\341\000c\000\040\000n\036\331\000i\000\040\000d\000u\000n\000g\000\040\001\021\000\343\000\040\000h\000o\000\340\000n\000\040\000t\000h\000\340\000n\000h}{section.8}% 167
\BOOKMARK [2][-]{subsection.8.3}{\376\377\000\335\000\040\000n\000g\000h\001\051\000a\000\040\001\021\036\321\000i\000\040\000v\036\333\000i\000\040\000h\036\315\000c\000\040\000p\000h\036\247\000n\000\040\000C\036\243\000m\000\040\000b\000i\036\277\000n\000\040\000v\000\340\000\040\000C\001\241\000\040\000c\036\245\000u\000\040\000c\000h\036\245\000p\000\040\000h\000\340\000n\000h}{section.8}% 168
\BOOKMARK [2][-]{subsection.8.4}{\376\377\000H\036\241\000n\000\040\000c\000h\036\277\000\040\000c\036\347\000a\000\040\001\021\036\301\000\040\000t\000\340\000i}{section.8}% 169
\BOOKMARK [2][-]{subsection.8.5}{\376\377\001\020\036\313\000n\000h\000\040\000h\001\260\036\333\000n\000g\000\040\000p\000h\000\341\000t\000\040\000t\000r\000i\036\303\000n\000\040\000t\000i\036\277\000p\000\040\000t\000h\000e\000o}{section.8}% 170
\BOOKMARK [2][-]{subsection.8.6}{\376\377\000T\036\325\000n\000g\000\040\000h\036\343\000p\000\040\000g\000i\000\341\000\040\000t\000r\036\313\000\040\001\021\036\241\000t\000\040\001\021\001\260\036\343\000c\000\040\000c\036\347\000a\000\040\001\021\036\301\000\040\000t\000\340\000i}{section.8}% 171
\BOOKMARK [2][-]{subsection.8.7}{\376\377\000K\036\277\000t\000\040\000l\000u\036\255\000n\000\040\000c\000u\036\321\000i\000\040\000c\000\371\000n\000g}{section.8}% 172
\BOOKMARK [1][-]{subsection.8.7}{\376\377\000P\000H\036\344\000\040\000L\036\344\000C\000\040\000A\000:\000\040\000C\036\244\000U\000\040\000T\000R\000\332\000C\000\040\000S\000O\000U\000R\000C\000E\000\040\000C\000O\000D\000E}{}% 173
\BOOKMARK [1][-]{lstnumber.-4.21}{\376\377\000P\000H\036\344\000\040\000L\036\344\000C\000\040\000B\000:\000\040\000C\000\301\000C\000\040\000L\036\306\000N\000H\000\040\000C\000H\036\240\000Y\000\040\000C\000H\000\315\000N\000H}{}% 174
\BOOKMARK [1][-]{lstnumber.-8.6}{\376\377\000P\000H\036\344\000\040\000L\036\344\000C\000\040\000C\000:\000\040\000M\036\330\000T\000\040\000S\036\320\000\040\000L\036\326\000I\000\040\000V\000\300\000\040\000C\000\301\000C\000H\000\040\000K\000H\036\256\000C\000\040\000P\000H\036\344\000C}{}% 175
\BOOKMARK [1][-]{lstnumber.-8.6}{\376\377\000T\000\300\000I\000\040\000L\000I\036\306\000U\000\040\000T\000H\000A\000M\000\040\000K\000H\036\242\000O}{}% 176
